Precision   : 0.3077
Recall      : 0.0139
F_0.5       : 0.0590
