Precision   : 0.3221
Recall      : 0.1365
F_0.5       : 0.2532
