Precision   : 0.4178
Recall      : 0.2488
F_0.5       : 0.3679
