Precision   : 0.3451
Recall      : 0.2173
F_0.5       : 0.3088
