num_source =  30144
Precision   : 0.4162
Recall      : 0.2140
F_0.5       : 0.3501
