num_source =  30144
Precision   : 0.3127
Recall      : 0.1446
F_0.5       : 0.2537
